// Vitest Snapshot v1, https://vitest.dev/guide/snapshot.html

exports[`BurndownChart > matches snapshot for fixed series 1`] = `
<svg
  aria-label="Burndown chart"
  height="240"
  role="img"
  width="480"
>
  <path
    d="M24.0,24.0 L240.0,56.0 L456.0,88.0"
    fill="none"
    stroke="#888"
    stroke-dasharray="4 4"
  />
  <path
    d="M24.0,24.0 L240.0,56.0 L456.0,88.0"
    fill="none"
    stroke="#1d70b8"
    stroke-width="2"
  />
</svg>
`;
